 
 gcc -g p8original.c
 gdb a.out
GNU gdb (Ubuntu 8.1.1-0ubuntu1) 8.1.1
Copyright (C) 2018 Free Software Foundation, Inc.
License GPLv3+: GNU GPL version 3 or later <http://gnu.org/licenses/gpl.html>
This is free software: you are free to change and redistribute it.
There is NO WARRANTY, to the extent permitted by law.  Type "show copying"
and "show warranty" for details.
This GDB was configured as "x86_64-linux-gnu".
Type "show configuration" for configuration details.
For bug reporting instructions, please see:
<http://www.gnu.org/software/gdb/bugs/>.
Find the GDB manual and other documentation resources online at:
<http://www.gnu.org/software/gdb/documentation/>.
For help, type "help".
Type "apropos word" to search for commands related to "word"...
Reading symbols from a.out...done.
(gdb) b main
Breakpoint 1 at 0xa03: file p8original.c, line 62.
(gdb) r
Starting program: /home/runner/pps-IA1-practice/a.out 
warning: Error disabling address space randomization: Operation not permitted

Breakpoint 1, main () at p8original.c:62
62  {
(gdb) n
63    int n=get_n();
(gdb) n
enter the number of complex numbers :2
64    complex c[n],res;
(gdb) n
65    input_n_complex(n,c);
(gdb) n
enter the real part:3
enter any imaginary part :4
enter the real part:2
enter any imaginary part :4
66    res=add_n_complex(n,c);
(gdb) n
67    output(n,c,res);
(gdb) n
68    return 0;
(gdb) c
Continuing.
3.00+4.00i2.00+4.00iis   5.00+8.00i[Inferior 1 (process 309) exited normally]